{
  "Id": "b9e62a8b-832c-416e-a8e2-6da2b4412012",
  "Value": "AcceptAny<Guid>(original: '454fdd1e-2ebe-40f2-aad6-a2872ec57c6f')",
  "Copy": {
    "Id": "b9e62a8b-832c-416e-a8e2-6da2b4412012",
    "Value": "454fdd1e-2ebe-40f2-aad6-a2872ec57c6f",
    "Copy": null
  }
}
