{
  "Name": "Mona Lisa",
  "Data": "NbzlteR4XpcAqmqdmgbzjJ8LDJNa4VYHTMnQtLqKXBY="
}
