{
  "Name": "Foo",
  "Data": "m+sQR9KG9WpgYoQiRASPkt9FLJOLsjK86UuiXKVRzas="
}
