{
  "Name": "Mona Lisa",
  "Data": "AcceptAny<Byte[]>"
}
