{
  "Language": "C#",
  "Level": "Senior",
  "Id": "7066b471-64c6-4d15-b8f0-19924d200ca9",
  "Number": 234345,
  "LoginName": "toddm",
  "Name": "Smith",
  "Firstname": "Todd",
  "Gender": "male"
}
