{
  "Id": "b9e62a8b-832c-416e-a8e2-6da2b4412012",
  "Value": "AcceptAny<Decimal?>",
  "Copy": {
    "Id": "b9e62a8b-832c-416e-a8e2-6da2b4412012",
    "Value": null,
    "Copy": null
  }
}
