{
  "Id": "b9e62a8b-832c-416e-a8e2-6da2b4412012",
  "Value": "AcceptAny<String>(original: 'Af8AGg==')",
  "Copy": {
    "Id": "b9e62a8b-832c-416e-a8e2-6da2b4412012",
    "Value": "Af8AGg==",
    "Copy": null
  }
}
