{
  "Id": "ZfwwyZgvnI4cRkrRtkf69JQD2RnAruTvaZ+vqRztwKI=",
  "OwnerId": "0680faef-6e89-4d52-bad8-291053c66696",
  "Name": "Mona Lisa",
  "CreationDate": "2020-11-10T21:23:09.036+01:00",
  "Price": 951868484.345,
  "Data": null,
  "SubImage": null
}
