{
  "Id": "5e5b8485-a6a9-4c2b-937a-f0117b7874b2",
  "Firstname": "Mark",
  "Lastname": "Walton",
  "CreationDate": "2018-06-06T00:00:00",
  "DateOfBirth": "2000-06-25T00:00:00",
  "Age": 30,
  "Size": 182.5214,
  "Address": {
    "Street": "Rohrstrasse",
    "StreetNumber": 12,
    "Plz": 8304,
    "City": "Wallislellen",
    "Country": {
      "Name": "Switzerland",
      "CountryCode": "CH"
    }
  },
  "Children": [
    {
      "Name": "James",
      "DateOfBirth": "2015-02-12T00:00:00"
    },
    {
      "Name": null,
      "DateOfBirth": "2015-02-12T00:00:00"
    },
    {
      "Name": "Hanna",
      "DateOfBirth": "2012-03-20T00:00:00"
    }
  ],
  "Relatives": [
    {
      "Id": "8d682d55-4573-4aa0-a6d6-f15d5e3b127f",
      "Firstname": "Sandra",
      "Lastname": "Schneider",
      "CreationDate": "2019-04-01T00:00:00",
      "DateOfBirth": "1996-02-14T00:00:00",
      "Age": null,
      "Size": 165.23,
      "Address": {
        "Street": "Bahnhofstrasse",
        "StreetNumber": 450,
        "Plz": 8000,
        "City": "Zurich",
        "Country": {
          "Name": "Switzerland",
          "CountryCode": "CH"
        }
      },
      "Children": [],
      "Relatives": null
    }
  ]
}
