{
  "Id": "c78c698f-9ee5-4b4b-9a0e-ef729b1f8ec8",
  "Lastname": "Walton",
  "CreationDate": "2018-06-06T00:00:00",
  "Age": 30,
  "Address": {
    "Street": "Rohrstrasse",
    "StreetNumber": 12,
    "Plz": 8304,
    "City": "Wallislellen",
    "Country": {
      "Name": "Switzerland"
    }
  },
  "Relatives": [
    {
      "Id": "fcf04ca6-d8f2-4214-a3ff-d0ded5bad4de",
      "Firstname": "Sandra",
      "Lastname": "Schneider",
      "CreationDate": "2019-04-01T00:00:00",
      "DateOfBirth": "1996-02-14T00:00:00",
      "Age": null,
      "Size": 165.23,
      "Children": []
    }
  ]
}
