{
  "Customer": [
    {
      "Id": 1,
      "Name": "Bla ",
      "EmailAddress": "blabla@blabla.com"
    }
  ]
}
