{
  "Id": "b9e62a8b-832c-416e-a8e2-6da2b4412012",
  "Value": "AcceptAny<Double?>(original: '1.7569876543210123')",
  "Copy": {
    "Id": "b9e62a8b-832c-416e-a8e2-6da2b4412012",
    "Value": 1.7569876543210123,
    "Copy": null
  }
}
