{
  "Id": 3450987,
  "OwnerId": "ix7xfFP48yexinSIOU27SwzAAUmRZ19bc/uQcMrATyI=",
  "Name": "Mona Lisa",
  "CreationDate": "2020-11-10T21:23:09.036+01:00",
  "Price": 951868484.345,
  "Data": null,
  "SubImage": null
}
