{
  "Id": 3450987,
  "OwnerId": "0680faef-6e89-4d52-bad8-291053c66696",
  "Name": "Mona Lisa",
  "CreationDate": "ncmpps+NBVyUWK0UVV0bRx8MrwUg4bOCTTt/bNI20bA=",
  "Price": 951868484.345,
  "Data": null,
  "SubImage": null
}
