{
  "Id": 3450987,
  "OwnerId": "0680faef-6e89-4d52-bad8-291053c66696",
  "Name": "Mona Lisa",
  "CreationDate": "At8yKYcuhwP5/kF64alXYaeZAG7z3Ef1cDixhtRH9vI=",
  "Price": 951868484.345,
  "Data": null,
  "SubImage": null
}
