{
  "Id": 3450987,
  "OwnerId": "0680faef-6e89-4d52-bad8-291053c66696",
  "Name": "Mona Lisa",
  "CreationDate": "dCNOmK/nSY+12vHzasLXiswzlGT5UHA7jAGYkvmCuQs=",
  "Price": 951868484.345,
  "Data": null,
  "SubImage": null
}
