{
  "Lastname": "Walton",
  "Address": {
    "Street": "Rohrstrasse",
    "StreetNumber": 12,
    "Plz": 8304,
    "City": "Wallislellen",
    "Country": {
      "Name": "Switzerland",
      "CountryCode": "CH"
    }
  },
  "Children": [
    {
      "Name": "James"
    },
    {
      "Name": null
    },
    {
      "Name": "Hanna"
    }
  ],
  "Relatives": [
    {
      "Lastname": "Schneider",
      "Address": {
        "Street": "Bahnhofstrasse",
        "StreetNumber": 450,
        "Plz": 8000,
        "City": "Zurich",
        "Country": {
          "Name": "Switzerland",
          "CountryCode": "CH"
        }
      }
    }
  ]
}
