{
  "Name": null,
  "DateOfBirth": "2015-02-12T00:00:00"
}