{
  "Id": 3450987,
  "OwnerId": "0680faef-6e89-4d52-bad8-291053c66696",
  "Name": "Mona Lisa",
  "CreationDate": "2020-11-10T21:23:09.036+01:00",
  "Price": "Ov7QaXuoa+gRZefIRxR2Kdbi2NkhWygyENQsyknBHfY=",
  "Data": null,
  "SubImage": null
}
