{
  "Id": 3450987,
  "OwnerId": "0680faef-6e89-4d52-bad8-291053c66696",
  "Name": "Mona Lisa",
  "CreationDate": "2020-11-10T21:23:09.036+01:00",
  "Price": 951868484.345,
  "Data": null,
  "SubImage": "Ifg9UUvHspjObsnLb5RIC/8Yiq/dUTuEYddUl39QW60="
}
