"query fetch {\n  customer(id: \"Q3VzdG9tZXIteDE=\") {\n    name\n    consultant {\n      name\n      __typename\n    }\n    id\n    __typename\n  }\n}\n"