{
  "Id": "b9e62a8b-832c-416e-a8e2-6da2b4412012",
  "Value": "AcceptAny<DateTime>(original: '2022-05-11T09:52:23')",
  "Copy": {
    "Id": "b9e62a8b-832c-416e-a8e2-6da2b4412012",
    "Value": "2022-05-11T09:52:23",
    "Copy": null
  }
}
