{
  "Firstname": "Mark",
  "CreationDate": "2018-06-06T00:00:00",
  "Age": 30
}
