{
  "Lastname": "Walton",
  "Age": 30,
  "Relatives": [
    {
      "Lastname": "Schneider"
    }
  ]
}
