{
  "FirstName": "Foo",
  "Age": 35,
  "Picture": "Rm9vIEJhciAzNQ=="
}
