/*This is a comment string for thesnapshot test with a plain string value */
