This is a test string for the snapshot test with a plain string value
