{
  "Id": "some id to be ignored 1",
  "Firstname": "Mark",
  "Lastname": "Walton",
  "CreationDate": "2018-06-06T00:00:00",
  "DateOfBirth": "2000-06-25T00:00:01",
  "Age": 30,
  "Size": 182.5214,
  "Address": {
    "Street": "Rohrstrasse",
    "StreetNumber": 12,
    "Plz": 8304,
    "City": "Wallislellen",
    "Country": {
      "Name": "Switzerland",
      "CountryCode": "CH"
    }
  },
  "Children": [
    {
      "Name": "James",
      "DateOfBirth": "2015-02-12T00:00:02"
    },
    {
      "Name": null,
      "DateOfBirth": "2015-02-12T00:00:03"
    },
    {
      "Name": "Hanna",
      "DateOfBirth": "2012-03-20T00:00:04"
    }
  ],
  "Relatives": [
    {
      "Id": "some id to be ignored 2",
      "Firstname": "Sandra",
      "Lastname": "Schneider",
      "CreationDate": "2019-04-01T00:00:00",
      "DateOfBirth": "1996-02-14T00:00:05",
      "Age": null,
      "Size": 165.23,
      "Address": {
        "Street": "Bahnhofstrasse",
        "StreetNumber": 450,
        "Plz": 8000,
        "City": "Zurich",
        "Country": {
          "Name": "Switzerland",
          "CountryCode": "CH"
        }
      },
      "Children": [],
      "Relatives": null
    }
  ]
}
