{
  "LoginName": "oppa",
  "Language": "Java",
  "Level": "Professional",
  "Id": "47339b82-ce83-4651-a50a-87340774b17b",
  "Number": 1989,
  "Name": "Miller",
  "Firstname": "Ester",
  "Gender": "female"
}
