{
  "person": {
    "Name": "Brown",
    "Firstname": "Mike",
    "Gender": "male"
  },
  "employee": {
    "Id": "47339b82-ce83-4651-a50a-87340774b17b",
    "Number": 1989,
    "LoginName": "oppa",
    "Name": "Miller",
    "Firstname": "Ester",
    "Gender": "female"
  }
}
